../Core/Src/mpu6050.c:37:6:MPU6050_Init	0	static
../Core/Src/mpu6050.c:44:6:I2C_Read	32	static
../Core/Src/mpu6050.c:56:6:I2C_Write8	24	static
../Core/Src/mpu6050.c:144:9:MPU6050_Get_SMPRT_DIV	16	static
../Core/Src/mpu6050.c:153:6:MPU6050_Set_SMPRT_DIV	0	static
../Core/Src/mpu6050.c:66:6:MPU6050_Config	8	static
../Core/Src/mpu6050.c:159:9:MPU6050_Get_FSYNC	16	static
../Core/Src/mpu6050.c:169:6:MPU6050_Set_FSYNC	16	static
../Core/Src/mpu6050.c:181:6:MPU6050_Get_Accel_RawData	32	static
../Core/Src/mpu6050.c:204:6:MPU6050_Get_Accel_Scale	24	static
../Core/Src/mpu6050.c:217:6:MPU6050_Get_Accel_Cali	24	static
../Core/Src/mpu6050.c:228:6:MPU6050_Get_Gyro_RawData	0	static
../Core/Src/mpu6050.c:239:6:MPU6050_Get_Gyro_Scale	24	static
../Core/Src/mpu6050.c:251:6:_Accel_Cali	16	static
