../Core/Src/stm32f1xx_it.c:57:6:SDTimer_Handler	4	static
../Core/Src/stm32f1xx_it.c:85:6:NMI_Handler	4	static
../Core/Src/stm32f1xx_it.c:100:6:HardFault_Handler	4	static
../Core/Src/stm32f1xx_it.c:115:6:MemManage_Handler	4	static
../Core/Src/stm32f1xx_it.c:130:6:BusFault_Handler	4	static
../Core/Src/stm32f1xx_it.c:145:6:UsageFault_Handler	4	static
../Core/Src/stm32f1xx_it.c:160:6:SVC_Handler	4	static
../Core/Src/stm32f1xx_it.c:173:6:DebugMon_Handler	4	static
../Core/Src/stm32f1xx_it.c:186:6:PendSV_Handler	4	static
../Core/Src/stm32f1xx_it.c:199:6:SysTick_Handler	8	static
../Core/Src/stm32f1xx_it.c:225:6:TIM2_IRQHandler	8	static
../Core/Src/stm32f1xx_it.c:239:6:TIM3_IRQHandler	8	static
../Core/Src/stm32f1xx_it.c:253:6:I2C1_EV_IRQHandler	8	static
../Core/Src/stm32f1xx_it.c:267:6:I2C1_ER_IRQHandler	8	static
../Core/Src/stm32f1xx_it.c:281:6:I2C2_EV_IRQHandler	8	static
../Core/Src/stm32f1xx_it.c:295:6:I2C2_ER_IRQHandler	8	static
../Core/Src/stm32f1xx_it.c:309:6:USART1_IRQHandler	8	static
../Core/Src/stm32f1xx_it.c:323:6:USART2_IRQHandler	8	static
../Core/Src/stm32f1xx_it.c:337:6:EXTI15_10_IRQHandler	8	static
